Starting a Gradle Daemon, 1 busy Daemon could not be reused, use --status for details
Calculating task graph as no cached configuration is available for tasks: testDebugUnitTest
WARNING: We recommend using a newer Android Gradle plugin to use compileSdk = 36

This Android Gradle plugin (8.7.3) was tested up to compileSdk = 35.

You are strongly encouraged to update your project to use a newer
Android Gradle plugin that has been tested with compileSdk = 36.

If you are already using the latest version of the Android Gradle plugin,
you may need to wait until a newer version with support for compileSdk = 36 is available.

For more information refer to the compatibility table:
https://d.android.com/r/tools/api-level-support

To suppress this warning, add/update
    android.suppressUnsupportedCompileSdk=36
to this project's gradle.properties.
> Task :core:checkKotlinGradlePluginConfigurationErrors SKIPPED
> Task :core:preBuild UP-TO-DATE
> Task :core:preDebugBuild UP-TO-DATE
> Task :app:checkKotlinGradlePluginConfigurationErrors SKIPPED
> Task :app:preBuild UP-TO-DATE
> Task :app:preDebugBuild UP-TO-DATE
> Task :core:generateDebugResValues UP-TO-DATE
> Task :app:generateDebugBuildConfig UP-TO-DATE
> Task :core:processDebugManifest UP-TO-DATE
> Task :core:writeDebugAarMetadata UP-TO-DATE
> Task :app:generateDebugResValues UP-TO-DATE
> Task :app:createDebugCompatibleScreenManifests UP-TO-DATE
> Task :core:generateDebugResources UP-TO-DATE
> Task :app:extractDeepLinksDebug UP-TO-DATE
> Task :app:generateDebugResources UP-TO-DATE
> Task :core:extractDeepLinksDebug UP-TO-DATE
> Task :app:packageDebugResources UP-TO-DATE
> Task :core:packageDebugResources UP-TO-DATE
> Task :app:parseDebugLocalResources UP-TO-DATE
> Task :app:mergeDebugResources UP-TO-DATE
> Task :app:mapDebugSourceSetPaths UP-TO-DATE
> Task :app:checkDebugAarMetadata UP-TO-DATE
> Task :core:javaPreCompileDebug UP-TO-DATE
> Task :core:compileDebugLibraryResources UP-TO-DATE
> Task :app:preDebugUnitTestBuild UP-TO-DATE
> Task :core:parseDebugLocalResources UP-TO-DATE
> Task :app:javaPreCompileDebug UP-TO-DATE
> Task :core:preDebugUnitTestBuild UP-TO-DATE
> Task :core:generateDebugRFile UP-TO-DATE
> Task :app:processDebugMainManifest UP-TO-DATE
> Task :app:processDebugManifest UP-TO-DATE
> Task :app:processDebugManifestForPackage UP-TO-DATE
> Task :core:javaPreCompileDebugUnitTest
> Task :app:javaPreCompileDebugUnitTest
> Task :core:compileDebugKotlin UP-TO-DATE
> Task :core:compileDebugJavaWithJavac NO-SOURCE
> Task :core:bundleLibCompileToJarDebug UP-TO-DATE
> Task :core:bundleLibRuntimeToJarDebug UP-TO-DATE
> Task :core:processDebugJavaRes UP-TO-DATE

> Task :app:processDebugResources UP-TO-DATE
WARNING: We recommend using a newer Android Gradle plugin to use compileSdk = 36

This Android Gradle plugin (8.7.3) was tested up to compileSdk = 35.

You are strongly encouraged to update your project to use a newer
Android Gradle plugin that has been tested with compileSdk = 36.

If you are already using the latest version of the Android Gradle plugin,
you may need to wait until a newer version with support for compileSdk = 36 is available.

For more information refer to the compatibility table:
https://d.android.com/r/tools/api-level-support

To suppress this warning, add/update
    android.suppressUnsupportedCompileSdk=36
to this project's gradle.properties.

> Task :core:generateDebugUnitTestStubRFile
> Task :app:compileDebugKotlin UP-TO-DATE
> Task :app:compileDebugJavaWithJavac UP-TO-DATE
> Task :app:bundleDebugClassesToCompileJar UP-TO-DATE
> Task :app:processDebugJavaRes
> Task :app:bundleDebugClassesToRuntimeJar
> Task :core:compileDebugUnitTestKotlin
> Task :core:compileDebugUnitTestJavaWithJavac NO-SOURCE
> Task :core:processDebugUnitTestJavaRes
> Task :app:compileDebugUnitTestKotlin
> Task :app:compileDebugUnitTestJavaWithJavac NO-SOURCE
> Task :app:processDebugUnitTestJavaRes
> Task :core:testDebugUnitTest
> Task :app:testDebugUnitTest

[Incubating] Problems report is available at: file:///app/build/reports/problems/problems-report.html

Deprecated Gradle features were used in this build, making it incompatible with Gradle 9.0.

You can use '--warning-mode all' to show the individual deprecation warnings and determine if they come from your own scripts or plugins.

For more on this, please refer to https://docs.gradle.org/8.13/userguide/command_line_interface.html#sec:command_line_warnings in the Gradle documentation.

BUILD SUCCESSFUL in 59s
43 actionable tasks: 11 executed, 32 up-to-date
Configuration cache entry stored.
